AzureAD+DimpleKewat@DESKTOP-GPE054L MINGW64 ~/Desktop/WT1 (master)
$ touch first.txt

AzureAD+DimpleKewat@DESKTOP-GPE054L MINGW64 ~/Desktop/WT1 (master)
$  git add first.txt

AzureAD+DimpleKewat@DESKTOP-GPE054L MINGW64 ~/Desktop/WT1 (master)
$ git commit -m "adding first.txt"
[master (root-commit) eac88e8] adding first.txt
 Committer: Dimple Kewat <dimple.k@myfrido.com>
Your name and email address were configured automatically based
on your username and hostname. Please check that they are accurate.
You can suppress this message by setting them explicitly. Run the
following command and follow the instructions in your editor to edit
your configuration file:

    git config --global --edit

After doing this, you may fix the identity used for this commit with:

    git commit --amend --reset-author

 1 file changed, 0 insertions(+), 0 deletions(-)
 create mode 100644 first.txt

AzureAD+DimpleKewat@DESKTOP-GPE054L MINGW64 ~/Desktop/WT1 (master)
$ git log
commit eac88e8d3ac86e67a32350b1202b29ad3b0da167 (HEAD -> master)
Author: Dimple Kewat <dimple.k@myfrido.com>
Date:   Sat Oct 5 23:28:12 2024 +0530

    adding first.txt

AzureAD+DimpleKewat@DESKTOP-GPE054L MINGW64 ~/Desktop/WT1 (master)
$ touch second.txt

AzureAD+DimpleKewat@DESKTOP-GPE054L MINGW64 ~/Desktop/WT1 (master)
$ git commit -m "adding second.txt"
On branch master
Untracked files:
  (use "git add <file>..." to include in what will be committed)
        second.txt

nothing added to commit but untracked files present (use "git add" to track)

AzureAD+DimpleKewat@DESKTOP-GPE054L MINGW64 ~/Desktop/WT1 (master)
$ rn first.txt
bash: rn: command not found

AzureAD+DimpleKewat@DESKTOP-GPE054L MINGW64 ~/Desktop/WT1 (master)
$ rm first.txt

AzureAD+DimpleKewat@DESKTOP-GPE054L MINGW64 ~/Desktop/WT1 (master)
$  git add first.txt

AzureAD+DimpleKewat@DESKTOP-GPE054L MINGW64 ~/Desktop/WT1 (master)
$ git commit -m "removing first.txt"
[master a811155] removing first.txt
 Committer: Dimple Kewat <dimple.k@myfrido.com>
Your name and email address were configured automatically based
on your username and hostname. Please check that they are accurate.
You can suppress this message by setting them explicitly. Run the
following command and follow the instructions in your editor to edit
your configuration file:

    git config --global --edit

After doing this, you may fix the identity used for this commit with:

    git commit --amend --reset-author

 1 file changed, 0 insertions(+), 0 deletions(-)
 delete mode 100644 first.txt

AzureAD+DimpleKewat@DESKTOP-GPE054L MINGW64 ~/Desktop/WT1 (master)
$ git log
commit a811155cd98326df10462ae6ff15d19d63807c2e (HEAD -> master)
Author: Dimple Kewat <dimple.k@myfrido.com>
Date:   Sat Oct 5 23:32:59 2024 +0530

    removing first.txt

commit eac88e8d3ac86e67a32350b1202b29ad3b0da167
Author: Dimple Kewat <dimple.k@myfrido.com>
Date:   Sat Oct 5 23:28:12 2024 +0530

    adding first.txt

AzureAD+DimpleKewat@DESKTOP-GPE054L MINGW64 ~/Desktop/WT1 (master)
$ git clone "https://github.com/Dimplekewat/Dimple.git"
Cloning into 'Dimple'...
remote: Enumerating objects: 3, done.
remote: Counting objects: 100% (3/3), done.
remote: Total 3 (delta 0), reused 0 (delta 0), pack-reused 0 (from 0)
Receiving objects: 100% (3/3), done.